I'm sorry, but errors were detected in your script. Please correct the
errors listed below, and try again.


File "game/vn_styles.rpy", line 241: style property border is not known.
    border Solid("#42557a")
          ^

Ren'Py Version: Ren'Py 8.3.7.25031702
Mon Sep 28 00:31:14 2026
